// Jest Snapshot v1, https://goo.gl/fbAQLP

exports[`Empty line tokenization performs to specification 1`] = `
Array [
  Object {
    "index": 0,
    "length": 0,
    "line": 0,
    "type": "EMPTY_LINE",
  },
  Object {
    "index": 1,
    "length": 1,
    "line": 1,
    "type": "EMPTY_LINE",
  },
  Object {
    "index": 3,
    "length": 2,
    "line": 2,
    "type": "EMPTY_LINE",
  },
  Object {
    "index": 6,
    "length": 3,
    "line": 3,
    "type": "EMPTY_LINE",
  },
  Object {
    "index": 10,
    "length": 0,
    "line": 4,
    "type": "EMPTY_LINE",
  },
  Object {
    "index": 11,
    "length": 1,
    "line": 5,
    "type": "EMPTY_LINE",
  },
  Object {
    "index": 13,
    "length": 2,
    "line": 6,
    "type": "EMPTY_LINE",
  },
  Object {
    "index": 16,
    "length": 3,
    "line": 7,
    "type": "EMPTY_LINE",
  },
  Object {
    "index": 20,
    "length": 0,
    "line": 8,
    "type": "EMPTY_LINE",
  },
]
`;
