// Jest Snapshot v1, https://goo.gl/fbAQLP

exports[`validation.expectedFieldsetGotFieldsets provides a correct message 1`] = `
"Instead of the expected single fieldset 'languages' several fieldsets with this name were found.

   Line | Content
 >    1 | languages:
 *    2 | eno = eno notation
      3 | 
 >    4 | languages:
 *    5 | json = JavaScript Object Notation
      6 | 
 >    7 | languages:
 *    8 | yaml = YAML Ain't Markup Language
"
`;

exports[`validation.expectedFieldsetGotFieldsets provides correct selection metadata 1`] = `
Array [
  Array [
    0,
    0,
  ],
  Array [
    7,
    33,
  ],
]
`;
