// Jest Snapshot v1, https://goo.gl/fbAQLP

exports[`validation.expectedFieldsetsGotField provides a correct message 1`] = `
"Only fieldsets with the name 'languages' were expected, but a field with this name was found.

   Line | Content
   ...
      5 | json = JavaScript Object Notation
      6 | 
 >    7 | languages:
 >    8 | | yaml (YAML Ain't Markup Language)
"
`;

exports[`validation.expectedFieldsetsGotField provides correct selection metadata 1`] = `
Array [
  Array [
    6,
    0,
  ],
  Array [
    7,
    35,
  ],
]
`;
