// Jest Snapshot v1, https://goo.gl/fbAQLP

exports[`validation.expectedSectionGotSections provides correct message 1`] = `
"Instead of the expected single section 'languages' several sections were found.

   Line | Content
      1 | 
 >    2 |     # languages
 *    3 |     eno: eno notation
 *    4 | 
 >    5 |     # languages
 *    6 |     json: JavaScript Object Notation
 *    7 | 
 >    8 |     # languages
 *    9 |     yaml: YAML Ain't Markup Language
 *   10 |   
"
`;
