// Jest Snapshot v1, https://goo.gl/fbAQLP

exports[`validation.expectedFieldGotFields provides a correct message 1`] = `
"Instead of the expected single field 'eno' several fields with this name were found.

   Line | Content
      1 | 
 >    2 |     eno: eno notation
 >    3 |     eno: eno notation language
      4 |   
"
`;

exports[`validation.expectedFieldGotFields provides correct selection metadata 1`] = `
Array [
  Array [
    1,
    0,
  ],
  Array [
    2,
    30,
  ],
]
`;
