// Jest Snapshot v1, https://goo.gl/fbAQLP

exports[`validation.expectedFieldsGotDictionary provides a correct message 1`] = `
"Only fields with the name 'language' were expected, but a dictionary with this name was found.

   Line | Content
 >    1 | language:
 >    2 | yaml = yaml ain't markup language
      3 | 
      4 | language:
   ...
"
`;

exports[`validation.expectedFieldsGotDictionary provides correct selection metadata 1`] = `
Array [
  Array [
    0,
    0,
  ],
  Array [
    1,
    33,
  ],
]
`;
