// Jest Snapshot v1, https://goo.gl/fbAQLP

exports[`validation.expectedFieldGotFields provides correct message 1`] = `
"Instead of the expected single field 'eno' several fields with this name were found.

   Line | Content
      1 | 
 >    2 |     eno: eno notation
 >    3 |     eno: eno notation language
      4 |   
"
`;
