// Jest Snapshot v1, https://goo.gl/fbAQLP

exports[`validation.minCountNotMet provides a correct message 1`] = `
"The list 'languages' contains 2 items, but must contain at least 3 items.

   Line | Content
 *    1 | languages:
 >    2 | - eno
 >    3 | - json
"
`;

exports[`validation.minCountNotMet provides correct selection metadata 1`] = `
Array [
  Array [
    1,
    0,
  ],
  Array [
    2,
    6,
  ],
]
`;
