// Jest Snapshot v1, https://goo.gl/fbAQLP

exports[`validation.missingSection provides a correct message 1`] = `
"The section 'presence' is missing - in case it has been specified look for typos and also check for correct capitalization.

   Line | Content
      1 | 
 >    2 |     # emptyness
 *    3 |   
"
`;
