// Jest Snapshot v1, https://goo.gl/fbAQLP

exports[`Blackbox test Continuations performs as expected 1`] = `
Array [
  Object {
    "Field": "Value Line continuation
Newline continuation",
  },
  Object {
    "Fieldset": Array [
      Object {
        "Entry": "Value Line continuation
Newline continuation",
      },
    ],
  },
  Object {
    "List": Array [
      "Value Line continuation
Newline continuation",
    ],
  },
  Object {
    "Empty field": "Line continuation
Newline continuation",
  },
  Object {
    "Fieldset with empty entry": Array [
      Object {
        "Empty entry": "Line continuation
Newline continuation",
      },
    ],
  },
  Object {
    "List with empty item": Array [
      "Line continuation
Newline continuation",
    ],
  },
]
`;
