// Jest Snapshot v1, https://goo.gl/fbAQLP

exports[`EnoError returns the expected message 1`] = `
"My error

My snippet"
`;

exports[`EnoError returns the expected selection range 1`] = `
Array [
  Array [
    1,
    2,
  ],
  Array [
    3,
    4,
  ],
]
`;

exports[`ParseError returns the expected message 1`] = `
"My error

My snippet"
`;

exports[`ParseError returns the expected selection range 1`] = `
Array [
  Array [
    1,
    2,
  ],
  Array [
    3,
    4,
  ],
]
`;

exports[`ValidationError returns the expected message 1`] = `
"My error

My snippet"
`;

exports[`ValidationError returns the expected selection range 1`] = `
Array [
  Array [
    1,
    2,
  ],
  Array [
    3,
    4,
  ],
]
`;
