// Jest Snapshot v1, https://goo.gl/fbAQLP

exports[`EnoError returns the expected message 1`] = `
"My error

My snippet"
`;

exports[`EnoParseError returns the expected message 1`] = `
"My error

My snippet"
`;

exports[`EnoValidationError returns the expected message 1`] = `
"My error

My snippet"
`;
