// Jest Snapshot v1, https://goo.gl/fbAQLP

exports[`analysis.dictionaryEntryInList provides correct selection metadata 1`] = `
Array [
  Array [
    2,
    0,
  ],
  Array [
    2,
    33,
  ],
]
`;

exports[`analysis.dictionaryEntryInList provides the correct message 1`] = `
"Line 3 contains a dictionary entry inside a list.

   Line | Content
 *    1 | languages:
 *    2 | - eno
 >    3 | json = JavaScript Object Notation
"
`;
