// Jest Snapshot v1, https://goo.gl/fbAQLP

exports[`analysis.dictionaryEntryInField provides correct selection metadata 1`] = `
Array [
  Array [
    2,
    0,
  ],
  Array [
    2,
    33,
  ],
]
`;

exports[`analysis.dictionaryEntryInField provides the correct message 1`] = `
"Line 3 contains a dictionary entry inside a field.

   Line | Content
 *    1 | language:
 *    2 | | eno
 >    3 | json = JavaScript Object Notation
"
`;
