// Jest Snapshot v1, https://goo.gl/fbAQLP

exports[`analysis.duplicateDictionaryEntryName provides the correct message 1`] = `
"The Dictionary 'languages' contains two entries named 'eno'.

   Line | Content
 *    1 | languages:
 >    2 | eno = eno notation
 *    3 | json = JavaScript Object Notation
 >    4 | eno = eno notation
"
`;
