// Jest Snapshot v1, https://goo.gl/fbAQLP

exports[`analysis.duplicateFieldsetEntryName provides correct selection metadata 1`] = `
Array [
  Array [
    3,
    0,
  ],
  Array [
    3,
    18,
  ],
]
`;

exports[`analysis.duplicateFieldsetEntryName provides the correct message 1`] = `
"The fieldset 'languages' contains two entries named 'eno'.

   Line | Content
 *    1 | languages:
 >    2 | eno = eno notation
 *    3 | json = JavaScript Object Notation
 >    4 | eno = eno notation
"
`;
