// Jest Snapshot v1, https://goo.gl/fbAQLP

exports[`analysis.fieldAppendInDictionary provides correct selection metadata 1`] = `
Array [
  Array [
    2,
    0,
  ],
  Array [
    2,
    6,
  ],
]
`;

exports[`analysis.fieldAppendInDictionary provides the correct message 1`] = `
"Line 3 contains an appendix (to a field) inside a dictionary.

   Line | Content
 *    1 | languages:
 *    2 | eno = eno notation
 >    3 | | json
"
`;
