// Jest Snapshot v1, https://goo.gl/fbAQLP

exports[`analysis.listItemInField provides correct selection metadata 1`] = `
Array [
  Array [
    2,
    0,
  ],
  Array [
    2,
    6,
  ],
]
`;

exports[`analysis.listItemInField provides the correct message 1`] = `
"Line 3 contains a list item inside a field.

   Line | Content
 *    1 | language:
 *    2 | | eno
 >    3 | - json
"
`;
