// Jest Snapshot v1, https://goo.gl/fbAQLP

exports[`json loader { "invalid": true, } throws an error 1`] = `
"'value' must contain valid JSON - the parser returned: 'Unexpected token } in JSON at position 19'.

   Line | Content
 >    1 | value: { \\"invalid\\": true, }
"
`;

exports[`json loader { invalid: true } throws an error 1`] = `
"'value' must contain valid JSON - the parser returned: 'Unexpected token i in JSON at position 2'.

   Line | Content
 >    1 | value: { invalid: true }
"
`;

exports[`json loader invalid throws an error 1`] = `
"'value' must contain valid JSON - the parser returned: 'Unexpected token i in JSON at position 0'.

   Line | Content
 >    1 | value: invalid
"
`;
