// Jest Snapshot v1, https://goo.gl/fbAQLP

exports[`Resolution Copying fieldset into fieldset works 1`] = `
Array [
  Object {
    "languages": Array [
      Object {
        "eno": "error notation",
      },
      Object {
        "json": "json object notation",
      },
    ],
  },
  Object {
    "copy": Array [
      Object {
        "json": "json object notation",
      },
      Object {
        "eno": "eno notation",
      },
    ],
  },
]
`;
