// Jest Snapshot v1, https://goo.gl/fbAQLP

exports[`resolution.copyingFieldIntoFieldset provides correct selection metadata 1`] = `
Array [
  Array [
    2,
    0,
  ],
  Array [
    2,
    15,
  ],
]
`;

exports[`resolution.copyingFieldIntoFieldset provides the correct message 1`] = `
"In line 3 a field is copied into a fieldset.

   Line | Content
      1 | original: value
      2 | 
 >    3 | copy < original
      4 | entry = value
"
`;
