// Jest Snapshot v1, https://goo.gl/fbAQLP

exports[`resolution.copyingFieldsetIntoField provides correct selection metadata 1`] = `
Array [
  Array [
    3,
    0,
  ],
  Array [
    3,
    15,
  ],
]
`;

exports[`resolution.copyingFieldsetIntoField provides the correct message 1`] = `
"In line 4 a fieldset is copied into a field.

   Line | Content
   ...
      2 | entry = value
      3 | 
 >    4 | copy < original
      5 | | appendix
"
`;
