// Jest Snapshot v1, https://goo.gl/fbAQLP

exports[`resolution.copyingSectionIntoFieldset provides correct selection metadata 1`] = `
Array [
  Array [
    4,
    0,
  ],
  Array [
    4,
    15,
  ],
]
`;

exports[`resolution.copyingSectionIntoFieldset provides the correct message 1`] = `
"In line 5 a section is copied into a fieldset.

   Line | Content
   ...
      3 | # other
      4 | 
 >    5 | copy < original
      6 | entry = value
"
`;
